bun : $ astro build && bun run 
postbuild.ts
No linha:1 caractere:1
+ bun run build 2>&1 | Tee-Object 
-FilePath "build-output.txt"
+ ~~~~~~~~~~~~~~~~~~
    + CategoryInfo          : Not 
   Specified: ($ astro build &&   
  bun run postbuild.ts:String)    
 [], RemoteException
    + FullyQualifiedErrorId : Nat 
   iveCommandError
 
[2m12:58:55[22m [34m[content][39m Syncing content
[2m12:58:55[22m [34m[content][39m Synced content
[2m12:58:55[22m [34m[types][39m Generated [2m2.10s[22m
[2m12:58:55[22m [34m[build][39m output: [34m"static"[39m
[2m12:58:55[22m [34m[build][39m mode: [34m"static"[39m
[2m12:58:55[22m [34m[build][39m directory: [34mC:\web-site-downkingo\dist\[39m
[2m12:58:55[22m [34m[build][39m Collecting build info...
[2m12:58:55[22m [34m[build][39m [32m✓ Completed in 3.21s.[39m
[2m12:58:55[22m [34m[build][39m Building static entrypoints...
[31m[1m12:59:04[22m [ERROR] 
[vite][39m [31m✗[39m Build 
failed in 8.92s
[31m[ImageNotFound][39m 
[commonjs--resolver] Could not 
find requested image `../../../ass
ets/blog/transcriber-ai.avif`. 
Does it exist?
  [1mHint:[22m
[33m    This is often caused by 
a typo in the image path. Please 
make sure the file exists, and is 
spelled correctly.[39m
  [1mError reference:[22m
    [36m[4mhttps://docs.astro.bu
ild/en/reference/errors/image-not-
found/[24m[39m
  [1mLocation:[22m
    [4mC:\web-site-downkingo\node
_modules\astro\dist\content\vite-p
lugin-content-assets.js:31:17[24m
  [1mStack trace:[22m
[2m    at Object.resolveId (file:
///C:/web-site-downkingo/node_modu
les/astro/dist/content/vite-plugin
-content-assets.js:31:17)
    at async resolveId (file:///C:
/web-site-downkingo/node_modules/r
ollup/dist/es/shared/node-entry.js
:20929:26)
    at async Object.resolveId (fil
e:///C:/web-site-downkingo/node_mo
dules/vite/dist/node/chunks/dep-D4
NMHUTW.js:2835:10)
    at async resolveId (file:///C:
/web-site-downkingo/node_modules/r
ollup/dist/es/shared/node-entry.js
:20929:26)
    at async file:///C:/web-site-d
ownkingo/node_modules/rollup/dist/
es/shared/node-entry.js:21670:50[
22m
error: script "build" exited with 
code 1
